// Jest Snapshot v1, https://goo.gl/fbAQLP

exports[`NotFoundPage renders component 1`] = `
<Layout>
  <h1>
    NOT FOUND
  </h1>
  <p>
    You just hit a route that doesn't exist... the sadness.
  </p>
</Layout>
`;
