// Jest Snapshot v1, https://goo.gl/fbAQLP

exports[`IndexPage renders component 1`] = `""`;
