// Jest Snapshot v1, https://goo.gl/fbAQLP

exports[`Header renders component 1`] = `
<div
  style={
    Object {
      "marginBottom": "1.45rem",
    }
  }
/>
`;
