// Jest Snapshot v1, https://goo.gl/fbAQLP

exports[`Footer renders component 1`] = `
<csx__FooterLinks>
  <a
    href="https://personal-sites-web-ring.freddieridell.now.sh/prev"
  >
    ⬅️
  </a>
  <a
    href="https://personal-sites-web-ring.freddieridell.now.sh/"
  >
    Webring
  </a>
  <a
    href="https://personal-sites-web-ring.freddieridell.now.sh/next"
  >
    ➡️
  </a>
  <a
    href="https://personal-sites-web-ring.freddieridell.now.sh/rand"
  >
    🔀
  </a>
</csx__FooterLinks>
`;
